[2026-07-20 02:11:42] Hermes daemon started
[2026-07-20 02:11:42] Running Hermes verification pass...
[2026-07-20 02:11:44] Git health: ok - clean
[2026-07-20 02:11:44] Blessings health: warning - 20 valid pairs, 0 burden pairs
[2026-07-20 02:11:44]   Issue: ModHarmonyMire: missing fields {'blessing'}
[2026-07-20 02:11:44]   Issue: ModHarmonyMire: missing blessing/curse pair
[2026-07-20 02:11:44]   Issue: ModMelodicFate: missing fields {'blessing'}
[2026-07-20 02:11:44]   Issue: ModMelodicFate: missing blessing/curse pair
[2026-07-20 02:11:44]   Issue: ModMelodicHarmony: missing fields {'blessing'}
[2026-07-20 02:11:44] Documentation: 1 files written
[2026-07-20 02:11:44] Pass complete, sleeping 60s...
[2026-07-20 02:12:44] Running Hermes verification pass...
[2026-07-20 02:12:47] Git health: ok - clean
[2026-07-20 02:12:47] Blessings health: warning - 20 valid pairs, 0 burden pairs
[2026-07-20 02:12:47]   Issue: ModHarmonyMire: missing fields {'blessing'}
[2026-07-20 02:12:47]   Issue: ModHarmonyMire: missing blessing/curse pair
[2026-07-20 02:12:47]   Issue: ModMelodicFate: missing fields {'blessing'}
[2026-07-20 02:12:47]   Issue: ModMelodicFate: missing blessing/curse pair
[2026-07-20 02:12:47]   Issue: ModMelodicHarmony: missing fields {'blessing'}
[2026-07-20 02:12:47] Documentation: 1 files written
[2026-07-20 02:12:47] Pass complete, sleeping 60s...
[2026-07-20 02:13:20] Hermes daemon stopped
