[23:38:14] start (cap 40, have 0)
[23:38:30] written: Cos_Hat_MelusinaMystique (Couture hat, Core)
[23:40:24] written: Cos_Dress_MelusinaUmbral (Refined dress, Pack_MoonlitSonata)
[23:40:58] written: Cos_Hair_Charm_MelusinaRadiance (Common hair_charm, Pack_MoonlitSonata)
[23:41:31] written: Cos_Dress_MelusinaWhisper (Common dress, Pack_MoonlitSonata)
[23:42:00] written: Cos_Dress_MelusinaRadiant (Common dress, Core)
[23:42:31] written: Cos_Shawl_Melusina (Couture shawl, Core)
[23:42:56] written: Cos_Gloves_Melusina (Grandmaster gloves, Core)
[23:43:36] written: Cos_Dress_MelusinaShade (Grandmaster dress, Core)
[23:44:20] written: Cos_Hair_Charm_MelusinaWindBreeze (Refined hair_charm, Core)
[23:45:05] rejected
[23:45:53] written: Cos_Shawl_MelusinaRadiance (Common shawl, Pack_MoonlitSonata)
[23:46:54] written: Cos_Gloves_MelusinaStone (Couture gloves, Core)
[23:47:30] written: Cos_Gloves_MelusinaRadiant (Refined gloves, Pack_GildedOverture)
[23:48:10] rejected
[23:48:53] written: Cos_Dress_MelusinaShadowWaltz (Couture dress, Pack_GildedOverture)
[23:49:24] written: Cos_Hair_Charm_MelusinaArcaneChime (Refined hair_charm, Pack_GildedOverture)
[23:49:55] written: Cos_Trail_MelusinaArcane (Common trail, Core)
[23:50:02] written: Cos_Dress_MelusinaRadiance (Refined dress, Pack_MoonlitSonata)
[23:50:29] written: Cos_Hat_MelusinaMaiden (Refined hat, Core)
[23:50:52] written: Cos_Hat_MelusinaTide (Grandmaster hat, Core)
[23:51:16] written: Cos_Dress_MelusinaArcanerobe (Refined dress, Pack_MoonlitSonata)
[23:51:45] written: Cos_Hat_MelusinaRadiance (Couture hat, Pack_GildedOverture)
[23:52:13] rejected
[23:52:39] written: Cos_Shawl_MelusinaWinds (Common shawl, Core)
[23:53:04] written: Cos_Hair_Charm_MelusinaTide (Refined hair_charm, Core)
[23:53:34] written: Cos_Trail_MelusinaShadowFury (Couture trail, Pack_MoonlitSonata)
[23:53:43] written: Cos_Shawl_MelusinaRadiant (Refined shawl, Core)
[23:54:09] rejected
[23:54:11] rejected
[23:54:14] written: Cos_Trail_MelusinaTide (Grandmaster trail, Pack_MoonlitSonata)
[23:54:20] written: Cos_Trail_MelusinaWhirlwind (Common trail, Core)
[23:54:27] rejected
[23:54:29] written: Cos_Trail_MelusinaTideTrail (Refined trail, Pack_MoonlitSonata)
[23:54:35] rejected
[23:54:38] rejected
[23:54:40] written: Cos_Trail_MelusinaArcaneElegance (Couture trail, Core)
[23:54:46] written: Cos_Dress_MelusinaStone (Couture dress, Pack_MoonlitSonata)
[23:54:53] written: Cos_Dress_MelusinaStonesong (Common dress, Pack_MoonlitSonata)
[23:55:01] written: Cos_Shawl_MelusinaArcane (Common shawl, Core)
[23:55:12] written: Cos_Hat_MelusinaForte (Refined hat, Pack_MoonlitSonata)
[23:55:19] rejected
[23:55:23] written: Cos_Gloves_MelusinaForte (Grandmaster gloves, Core)
[23:55:29] written: Cos_Trail_MelusinaWave (Refined trail, Core)
[23:55:36] written: Cos_Gloves_MelusinaShadows (Couture gloves, Pack_GildedOverture)
[23:55:42] written: Cos_Dress_Melusina (Refined dress, Core)
[23:55:49] rejected
[23:55:56] written: Cos_Dress_MelusinaTide (Common dress, Core)
[23:56:02] written: Cos_Dress_MelusinaGuardian (Grandmaster dress, Pack_MoonlitSonata)
[23:56:09] written: Cos_Gloves_MelusinaTide (Common gloves, Pack_GildedOverture)
[23:56:16] written: Cos_Shawl_MelusinaShade (Refined shawl, Pack_GildedOverture)
[23:56:20] exit
