[23:38:14] start (cap 30, have 0)
[23:38:46] written: SirDefeatConsole_001.md
[23:39:10] written: SirDefeatConsole_002.md
[23:39:35] written: SirEntry_003.md
[23:39:52] written: SirExitVictory_004.md
[23:40:11] written: BedWhisper_005.md
[23:40:45] written: BossBark_006.md
[23:41:21] written: SirEntry_007.md
[23:41:51] written: SirExitVictory_008.md
[23:42:10] written: SirEntry_009.md
[23:42:20] written: SirExitVictory_010.md
[23:42:41] written: SirExitVictory_011.md
[23:43:15] written: SirDefeatConsole_012.md
[23:44:01] written: BedWhisper_013.md
[23:44:45] written: SirExitVictory_014.md
[23:45:34] written: SirDefeatConsole_015.md
[23:46:20] written: SirEntry_016.md
[23:47:23] written: BossBark_017.md
[23:47:51] written: SirEntry_018.md
[23:48:37] written: SirEntry_019.md
[23:49:08] written: BossBark_020.md
[23:49:55] written: BedWhisper_021.md
[23:50:17] written: BossBark_022.md
[23:50:41] written: SirEntry_023.md
[23:51:03] written: SirDefeatConsole_024.md
[23:51:27] written: SirEntry_025.md
[23:51:58] written: SirExitVictory_026.md
[23:52:28] written: SirDefeatConsole_027.md
[23:52:54] written: SirDefeatConsole_028.md
[23:53:34] written: SirEntry_029.md
[23:53:51] written: BedWhisper_030.md
[23:53:55] exit
